2026-01-30T09:24:41 | system | start_bidir
2026-02-01T08:13:10 | system | start_sem_bidir
2026-02-01T08:15:06 | system | start_sem_bidir
2026-02-01T08:15:14 | system | start_sem_bidir
2026-02-01T08:20:52 | system | start_bidir
2026-02-01T08:20:53 | system | end_bidir
2026-02-01T08:27:48 | system | start_bidir
2026-02-01T08:27:48 | system | end_bidir
2026-02-01T08:27:50 | system | start_bidir
2026-02-01T08:27:50 | system | end_bidir
2026-02-17T02:27:56 | system | start_sem_bidir
2026-02-17T02:28:11 | system | start_sem_bidir
2026-02-17T02:29:02 | system | start_sem_bidir
2026-02-17T04:15:39 | system | start_sem_bidir
2026-02-17T04:15:39 | bidir | bidir_result(direction(gen_to_parse),semantic(2),sentence(two),parsed_sem(2),root_check(root_mismatch),tree_check(tree_mismatch),gen_time(0.0),parse_time(0.0),status(semantic_ok))
2026-02-17T04:15:39 | bidir | bidir_result(direction(gen_to_parse),semantic(8),sentence(eight),parsed_sem(8),root_check(root_mismatch),tree_check(tree_mismatch),gen_time(0.0),parse_time(0.0),status(semantic_ok))
2026-02-17T04:15:39 | bidir | bidir_result(direction(gen_to_parse),semantic(13),sentence(thirteen),parsed_sem(13),root_check(root_mismatch),tree_check(tree_mismatch),gen_time(0.0),parse_time(0.0),status(semantic_ok))
2026-02-17T04:15:39 | bidir | bidir_result(direction(gen_to_parse),semantic(20),sentence(twenty),parsed_sem(20),root_check(root_mismatch),tree_check(tree_mismatch),gen_time(0.0),parse_time(0.0),status(semantic_ok))
2026-02-17T04:15:39 | bidir | bidir_result(direction(gen_to_parse),semantic(21),status(gen_fail),reason(no_lexical_entry),gen_status(no_solution),gen_time(0.0))
2026-02-17T04:15:39 | bidir | bidir_result(direction(gen_to_parse),semantic(47),status(gen_fail),reason(no_lexical_entry),gen_status(no_solution),gen_time(0.0))
2026-02-17T04:15:39 | bidir | bidir_result(direction(gen_to_parse),semantic(70),status(gen_fail),reason(no_lexical_entry),gen_status(no_solution),gen_time(0.0))
2026-02-17T04:15:39 | bidir | bidir_result(direction(gen_to_parse),semantic(99),status(gen_fail),reason(no_lexical_entry),gen_status(no_solution),gen_time(0.0))
2026-02-17T04:15:39 | bidir | bidir_result(direction(gen_to_parse),semantic(plus30(5)),status(gen_fail),reason(no_lexical_entry),gen_status(no_solution),gen_time(0.0))
2026-02-17T04:15:39 | bidir | bidir_result(direction(gen_to_parse),semantic(mal10plus(4,7)),status(gen_fail),reason(no_lexical_entry),gen_status(no_solution),gen_time(0.0))
2026-02-17T04:15:39 | bidir | bidir_result(direction(parse_to_gen),input_sentence("eight"),semantic(8),generated_sentence(eight),root_check(root_mismatch),parse_time(0.0),gen_time(0.0),status(ok))
2026-02-17T04:15:39 | bidir | bidir_result(direction(parse_to_gen),input_sentence("thirteen"),semantic(13),generated_sentence(thirteen),root_check(root_mismatch),parse_time(0.0),gen_time(0.0),status(ok))
2026-02-17T04:15:39 | bidir | bidir_result(direction(parse_to_gen),input_sentence("twenty"),semantic(20),generated_sentence(twenty),root_check(root_mismatch),parse_time(0.0),gen_time(0.0),status(ok))
2026-02-17T04:15:39 | system | end_sem_bidir
2026-02-17T04:17:44 | bidir | bidir_result(direction(gen_to_parse),semantic('0X+100Y'(3,0)),status(gen_fail),reason(no_lexical_entry),gen_status(no_solution),gen_time(0.0))
2026-02-17T04:42:44 | bidir | bidir_result(direction(gen_to_parse),semantic('0X+100Y'(3,0)),status(gen_fail),reason(no_lexical_entry),gen_status(no_solution),gen_time(0.0))
2026-02-17T04:43:16 | bidir | bidir_result(direction(gen_to_parse),semantic('0X+100Y'(3,0)),status(gen_fail),reason(no_lexical_entry),gen_status(no_solution),gen_time(0.0))
2026-02-19T02:49:57 | system | start_suite(numbers)
2026-02-19T02:49:57 | gen | gen_result(input(8),status(ok),sentence(eight),lambda(8),tree(li([eight],[c1,-ee],8)))
2026-02-19T02:49:57 | gen | gen_result(input(13),status(ok),sentence(thirteen),lambda(13),tree(li([thirteen],[c2],13)))
2026-02-19T02:49:57 | gen | gen_result(input(2),status(ok),sentence(two),lambda(2),tree(li([two],[c1],2)))
2026-02-19T02:49:57 | gen | gen_result(input(plus30(5)),status(ok),sentence(''),lambda([plus30(_6696),_6728]>>(_6728=plus30(_6696))),tree(li([],[=c1,cfin],[plus30(_6696),_6728]>>(_6728=plus30(_6696)))))
2026-02-19T02:49:57 | gen | gen_result(input(plus20(6)),status(ok),sentence(''),lambda([plus20(_7690),_7722]>>(_7722=plus20(_7690))),tree(li([],[=c1,cfin],[plus20(_7690),_7722]>>(_7722=plus20(_7690)))))
2026-02-19T02:49:57 | gen | gen_result(input(mal10plus(4,7)),status(ok),sentence(''),lambda([mal10plus(_8692,_8698),_8732]>>(_8732=mal10plus(_8692,_8698))),tree(li([],[=c1,cfin],[mal10plus(_8692,_8698),_8732]>>(_8732=mal10plus(_8692,_8698)))))
2026-02-19T02:49:57 | gen | gen_result(input(mal100plus(4,7)),status(ok),sentence(''),lambda([mal100plus(_9708,_9714),_9748]>>(_9748=mal100plus(_9708,_9714))),tree(li([],[=c1,cfin],[mal100plus(_9708,_9714),_9748]>>(_9748=mal100plus(_9708,_9714)))))
2026-02-19T02:49:57 | gen | gen_result(input(bacon),status(ok),sentence(''),lambda([bacon,_10728]>>(_10728=bacon)),tree(li([],[=c1,cfin],[bacon,_10728]>>(_10728=bacon))))
2026-02-19T02:49:57 | gen | gen_result(input(mal10plus80(4,7)),status(ok),sentence(''),lambda([mal10plus80(_11690,_11696),_11730]>>(_11730=mal10plus80(_11690,_11696))),tree(li([],[=c1,cfin],[mal10plus80(_11690,_11696),_11730]>>(_11730=mal10plus80(_11690,_11696)))))
2026-02-19T02:49:57 | system | end_suite(numbers)
2026-02-19T02:50:22 | gen | gen_result(input(20),status(ok),sentence(twenty),lambda(20),tree(li([twenty],[c2],20)))
2026-02-19T02:50:35 | gen | gen_result(input(25),status(ok),sentence(''),lambda([25,_23148]>>(_23148=25)),tree(li([],[=c1,cfin],[25,_23148]>>(_23148=25))))
2026-02-19T02:51:12 | system | start_suite(numbers)
2026-02-19T02:51:12 | gen | gen_result(input(8),status(ok),sentence(eight),lambda(8),tree(li([eight],[c1,-ee],8)))
2026-02-19T02:51:12 | gen | gen_result(input(13),status(ok),sentence(thirteen),lambda(13),tree(li([thirteen],[c2],13)))
2026-02-19T02:51:12 | gen | gen_result(input(2),status(ok),sentence(two),lambda(2),tree(li([two],[c1],2)))
2026-02-19T02:51:12 | gen | gen_result(input(plus30(5)),status(ok),sentence(''),lambda([plus30(_29220),_29252]>>(_29252=plus30(_29220))),tree(li([],[=c1,cfin],[plus30(_29220),_29252]>>(_29252=plus30(_29220)))))
2026-02-19T02:51:12 | gen | gen_result(input(plus20(6)),status(ok),sentence(''),lambda([plus20(_30214),_30246]>>(_30246=plus20(_30214))),tree(li([],[=c1,cfin],[plus20(_30214),_30246]>>(_30246=plus20(_30214)))))
2026-02-19T02:51:12 | gen | gen_result(input(mal10plus(4,7)),status(ok),sentence(''),lambda([mal10plus(_31216,_31222),_31256]>>(_31256=mal10plus(_31216,_31222))),tree(li([],[=c1,cfin],[mal10plus(_31216,_31222),_31256]>>(_31256=mal10plus(_31216,_31222)))))
2026-02-19T02:51:12 | gen | gen_result(input(mal100plus(4,7)),status(ok),sentence(''),lambda([mal100plus(_662,_668),_702]>>(_702=mal100plus(_662,_668))),tree(li([],[=c1,cfin],[mal100plus(_662,_668),_702]>>(_702=mal100plus(_662,_668)))))
2026-02-19T02:51:12 | gen | gen_result(input(bacon),status(ok),sentence(''),lambda([bacon,_1682]>>(_1682=bacon)),tree(li([],[=c1,cfin],[bacon,_1682]>>(_1682=bacon))))
2026-02-19T02:51:12 | gen | gen_result(input(mal10plus80(4,7)),status(ok),sentence(''),lambda([mal10plus80(_2644,_2650),_2684]>>(_2684=mal10plus80(_2644,_2650))),tree(li([],[=c1,cfin],[mal10plus80(_2644,_2650),_2684]>>(_2684=mal10plus80(_2644,_2650)))))
2026-02-19T02:51:12 | system | end_suite(numbers)
2026-02-19T03:03:23 | gen | trace_start(input('1X+10Y'(6,6)))
2026-02-19T03:06:16 | system | start_suite(numbers_gen)
2026-02-19T03:06:16 | gen | gen_result(input(1),status(ok),sentence(one),lambda(1),tree(li([one],[c1],1)))
2026-02-19T03:06:16 | gen | gen_result(input(20),status(ok),sentence(twenty),lambda(20),tree(li([twenty],[c2],20)))
2026-02-19T03:06:16 | gen | gen_result(input('0X+100Y'(3,0)),status(ok),sentence(threehundred),lambda('0X+100Y'(3,0)),tree(tree([([three,hundred],[c3],'0X+100Y'(3,0))],merge2,tree([([hundred],[=c1,c3],cl([_5836,_5830,_5870]>>(_5870='0X+100Y'(_5830,_5836)),[0]))],merge1,li([hundred],[=cnix,=c1,c3],[_5836,_5830,_5870]>>(_5870='0X+100Y'(_5830,_5836))),li([],[cnix],0)),li([three],[c1],3))))
2026-02-19T03:06:16 | gen | gen_result(input('1X+20'(4)),status(ok),sentence(twenty),lambda([_12588,_12620]>>(_12620='1X+20'(_12588))),tree(tree([([twenty],[c2],[_12588,_12620]>>(_12620='1X+20'(_12588))),([four],[-tee],4)],merge3,li([twenty],[=c1,c2],[_12588,_12620]>>(_12620='1X+20'(_12588))),li([four],[c1,-tee],4))))
2026-02-19T03:06:16 | gen | gen_result(input('0X+18'(8)),status(ok),sentence(eighteen),lambda('0X+18'(8)),tree(tree([([eight,een],[c2],'0X+18'(8))],move1,empty,tree([([een],[+ee,c2],[_13980,_14012]>>(_14012='0X+18'(_13980))),([eight],[-ee],8)],merge3,li([een],[=c1,+ee,c2],[_13980,_14012]>>(_14012='0X+18'(_13980))),li([eight],[c1,-ee],8)))))
2026-02-19T03:06:21 | gen | gen_result(input('1X+10Y'(6,6)),status(error(time_limit_exceeded)),sentence(''),lambda(none),tree(none))
2026-02-19T03:06:21 | gen | gen_result(input('1X+10'(4)),status(ok),sentence(fourteen),lambda('1X+10'(4)),tree(tree([([four,teen],[c2],'1X+10'(4))],move1,empty,tree([([teen],[+tee,c2],[_1352,_1384]>>(_1384='1X+10'(_1352))),([four],[-tee],4)],merge3,li([teen],[=c1,+tee,c2],[_1352,_1384]>>(_1384='1X+10'(_1352))),li([four],[c1,-tee],4)))))
2026-02-19T03:06:26 | gen | gen_result(input('1X+100Y'('1X+10Y'(6,4),5)),status(error(time_limit_exceeded)),sentence(''),lambda(none),tree(none))
2026-02-19T03:06:26 | gen | gen_result(input(bacon),status(ok),sentence(''),lambda([bacon,_1370]>>(_1370=bacon)),tree(li([],[=c1,cfin],[bacon,_1370]>>(_1370=bacon))))
2026-02-19T03:06:26 | system | end_suite(numbers_gen)
2026-02-19T03:18:26 | system | start_suite(numbers_gen)
2026-02-19T03:18:26 | gen | gen_result(input(1),status(ok),sentence(one),lambda(1),tree(li([one],[c1],1)))
2026-02-19T03:18:26 | gen | gen_result(input(20),status(ok),sentence(twenty),lambda(20),tree(li([twenty],[c2],20)))
2026-02-19T03:18:26 | gen | gen_result(input('0X+100Y'(3,0)),status(ok),sentence(threehundred),lambda('0X+100Y'(3,0)),tree(tree([([three,hundred],[c3],'0X+100Y'(3,0))],merge2,tree([([hundred],[=c1,c3],cl([_13632,_13626,_13666]>>(_13666='0X+100Y'(_13626,_13632)),[0]))],merge1,li([hundred],[=cnix,=c1,c3],[_13632,_13626,_13666]>>(_13666='0X+100Y'(_13626,_13632))),li([],[cnix],0)),li([three],[c1],3))))
2026-02-19T03:18:26 | gen | gen_result(input('1X+20'(4)),status(ok),sentence(twenty),lambda([_722,_754]>>(_754='1X+20'(_722))),tree(tree([([twenty],[c2],[_722,_754]>>(_754='1X+20'(_722))),([four],[-tee],4)],merge3,li([twenty],[=c1,c2],[_722,_754]>>(_754='1X+20'(_722))),li([four],[c1,-tee],4))))
2026-02-19T03:18:26 | gen | gen_result(input('0X+18'(8)),status(ok),sentence(eighteen),lambda('0X+18'(8)),tree(tree([([eight,een],[c2],'0X+18'(8))],move1,empty,tree([([een],[+ee,c2],[_2182,_2214]>>(_2214='0X+18'(_2182))),([eight],[-ee],8)],merge3,li([een],[=c1,+ee,c2],[_2182,_2214]>>(_2214='0X+18'(_2182))),li([eight],[c1,-ee],8)))))
2026-02-19T03:18:31 | gen | gen_result(input('1X+10Y'(6,6)),status(error(time_limit_exceeded)),sentence(''),lambda(none),tree(none))
2026-02-19T03:18:31 | gen | gen_result(input('1X+10'(4)),status(ok),sentence(fourteen),lambda('1X+10'(4)),tree(tree([([four,teen],[c2],'1X+10'(4))],move1,empty,tree([([teen],[+tee,c2],[_1490,_1522]>>(_1522='1X+10'(_1490))),([four],[-tee],4)],merge3,li([teen],[=c1,+tee,c2],[_1490,_1522]>>(_1522='1X+10'(_1490))),li([four],[c1,-tee],4)))))
2026-02-19T03:18:36 | gen | gen_result(input('1X+100Y'('1X+10Y'(6,4),5)),status(error(time_limit_exceeded)),sentence(''),lambda(none),tree(none))
2026-02-19T03:18:36 | gen | gen_result(input(bacon),status(ok_empty_sentence),sentence(''),lambda([bacon,_1508]>>(_1508=bacon)),tree(li([],[=c1,cfin],[bacon,_1508]>>(_1508=bacon))))
2026-02-19T03:18:36 | system | end_suite(numbers_gen)
2026-02-19T03:18:48 | system | start_suite(numbers_gen)
2026-02-19T03:18:48 | gen | gen_result(input(1),status(ok),sentence(one),lambda(1),tree(li([one],[c1],1)))
2026-02-19T03:18:48 | gen | gen_result(input(20),status(ok),sentence(twenty),lambda(20),tree(li([twenty],[c2],20)))
2026-02-19T03:18:48 | gen | gen_result(input('0X+100Y'(3,0)),status(ok),sentence(threehundred),lambda('0X+100Y'(3,0)),tree(tree([([three,hundred],[c3],'0X+100Y'(3,0))],merge2,tree([([hundred],[=c1,c3],cl([_4798,_4792,_4832]>>(_4832='0X+100Y'(_4792,_4798)),[0]))],merge1,li([hundred],[=cnix,=c1,c3],[_4798,_4792,_4832]>>(_4832='0X+100Y'(_4792,_4798))),li([],[cnix],0)),li([three],[c1],3))))
2026-02-19T03:18:48 | gen | gen_result(input('1X+20'(4)),status(ok),sentence(twenty),lambda([_6898,_6930]>>(_6930='1X+20'(_6898))),tree(tree([([twenty],[c2],[_6898,_6930]>>(_6930='1X+20'(_6898))),([four],[-tee],4)],merge3,li([twenty],[=c1,c2],[_6898,_6930]>>(_6930='1X+20'(_6898))),li([four],[c1,-tee],4))))
2026-02-19T03:18:48 | gen | gen_result(input('0X+18'(8)),status(ok),sentence(eighteen),lambda('0X+18'(8)),tree(tree([([eight,een],[c2],'0X+18'(8))],move1,empty,tree([([een],[+ee,c2],[_8358,_8390]>>(_8390='0X+18'(_8358))),([eight],[-ee],8)],merge3,li([een],[=c1,+ee,c2],[_8358,_8390]>>(_8390='0X+18'(_8358))),li([eight],[c1,-ee],8)))))
2026-02-19T03:18:53 | gen | gen_result(input('1X+10Y'(6,6)),status(error(time_limit_exceeded)),sentence(''),lambda(none),tree(none))
2026-02-19T03:18:53 | gen | gen_result(input('1X+10'(4)),status(ok),sentence(fourteen),lambda('1X+10'(4)),tree(tree([([four,teen],[c2],'1X+10'(4))],move1,empty,tree([([teen],[+tee,c2],[_1490,_1522]>>(_1522='1X+10'(_1490))),([four],[-tee],4)],merge3,li([teen],[=c1,+tee,c2],[_1490,_1522]>>(_1522='1X+10'(_1490))),li([four],[c1,-tee],4)))))
2026-02-19T03:18:58 | gen | gen_result(input('1X+100Y'('1X+10Y'(6,4),5)),status(error(time_limit_exceeded)),sentence(''),lambda(none),tree(none))
2026-02-19T03:18:58 | gen | gen_result(input(bacon),status(ok_empty_sentence),sentence(''),lambda([bacon,_1508]>>(_1508=bacon)),tree(li([],[=c1,cfin],[bacon,_1508]>>(_1508=bacon))))
2026-02-19T03:18:58 | system | end_suite(numbers_gen)
2026-02-19T03:26:39 | system | start_suite(numbers_gen)
2026-02-19T03:26:39 | gen | gen_result(input(1),status(ok),sentence(one),lambda(1),tree(li([one],[c1],1)))
2026-02-19T03:26:39 | gen | gen_result(input(20),status(ok),sentence(twenty),lambda(20),tree(li([twenty],[c2],20)))
2026-02-19T03:26:39 | gen | gen_result(input('0X+100Y'(3,0)),status(ok),sentence(threehundred),lambda('0X+100Y'(3,0)),tree(tree([([three,hundred],[c3],'0X+100Y'(3,0))],merge2,tree([([hundred],[=c1,c3],cl([_6512,_6506,_6546]>>(_6546='0X+100Y'(_6506,_6512)),[0]))],merge1,li([hundred],[=cnix,=c1,c3],[_6512,_6506,_6546]>>(_6546='0X+100Y'(_6506,_6512))),li([],[cnix],0)),li([three],[c1],3))))
2026-02-19T03:26:39 | gen | gen_result(input('1X+20'(4)),status(ok),sentence(twenty),lambda([_8672,_8704]>>(_8704='1X+20'(_8672))),tree(tree([([twenty],[c2],[_8672,_8704]>>(_8704='1X+20'(_8672))),([four],[-tee],4)],merge3,li([twenty],[=c1,c2],[_8672,_8704]>>(_8704='1X+20'(_8672))),li([four],[c1,-tee],4))))
2026-02-19T03:26:39 | gen | gen_result(input('0X+18'(8)),status(ok),sentence(eighteen),lambda('0X+18'(8)),tree(tree([([eight,een],[c2],'0X+18'(8))],move1,empty,tree([([een],[+ee,c2],[_10192,_10224]>>(_10224='0X+18'(_10192))),([eight],[-ee],8)],merge3,li([een],[=c1,+ee,c2],[_10192,_10224]>>(_10224='0X+18'(_10192))),li([eight],[c1,-ee],8)))))
2026-02-19T03:26:44 | gen | gen_result(input('1X+10Y'(6,6)),status(error(time_limit_exceeded)),sentence(''),lambda(none),tree(none))
2026-02-19T03:26:44 | gen | gen_result(input('1X+10'(4)),status(ok),sentence(fourteen),lambda('1X+10'(4)),tree(tree([([four,teen],[c2],'1X+10'(4))],move1,empty,tree([([teen],[+tee,c2],[_1610,_1642]>>(_1642='1X+10'(_1610))),([four],[-tee],4)],merge3,li([teen],[=c1,+tee,c2],[_1610,_1642]>>(_1642='1X+10'(_1610))),li([four],[c1,-tee],4)))))
2026-02-19T03:26:49 | gen | gen_result(input('1X+100Y'('1X+10Y'(6,4),5)),status(error(time_limit_exceeded)),sentence(''),lambda(none),tree(none))
2026-02-19T03:26:49 | gen | gen_result(input(bacon),status(ok_empty_sentence),sentence(''),lambda([bacon,_1628]>>(_1628=bacon)),tree(li([],[=c1,cfin],[bacon,_1628]>>(_1628=bacon))))
2026-02-19T03:26:49 | system | end_suite(numbers_gen)
2026-02-19T03:30:44 | system | start_suite(numbers_gen)
2026-02-19T03:30:44 | gen | gen_result(input(1),status(ok),sentence(one),lambda(1),tree(li([one],[c1],1)))
2026-02-19T03:30:44 | gen | gen_result(input(20),status(ok),sentence(twenty),lambda(20),tree(li([twenty],[c2],20)))
2026-02-19T03:30:44 | gen | gen_result(input('0X+100Y'(3,0)),status(ok),sentence(threehundred),lambda('0X+100Y'(3,0)),tree(tree([([three,hundred],[c3],'0X+100Y'(3,0))],merge2,tree([([hundred],[=c1,c3],cl([_7392,_7386,_7426]>>(_7426='0X+100Y'(_7386,_7392)),[0]))],merge1,li([hundred],[=cnix,=c1,c3],[_7392,_7386,_7426]>>(_7426='0X+100Y'(_7386,_7392))),li([],[cnix],0)),li([three],[c1],3))))
2026-02-19T03:30:44 | gen | gen_result(input('1X+20'(4)),status(ok),sentence(twenty),lambda([_9552,_9584]>>(_9584='1X+20'(_9552))),tree(tree([([twenty],[c2],[_9552,_9584]>>(_9584='1X+20'(_9552))),([four],[-tee],4)],merge3,li([twenty],[=c1,c2],[_9552,_9584]>>(_9584='1X+20'(_9552))),li([four],[c1,-tee],4))))
2026-02-19T03:30:44 | gen | gen_result(input('0X+18'(8)),status(ok),sentence(eighteen),lambda('0X+18'(8)),tree(tree([([eight,een],[c2],'0X+18'(8))],move1,empty,tree([([een],[+ee,c2],[_11072,_11104]>>(_11104='0X+18'(_11072))),([eight],[-ee],8)],merge3,li([een],[=c1,+ee,c2],[_11072,_11104]>>(_11104='0X+18'(_11072))),li([eight],[c1,-ee],8)))))
2026-02-19T03:30:49 | gen | gen_result(input('1X+10Y'(6,6)),status(error(time_limit_exceeded)),sentence(''),lambda(none),tree(none))
2026-02-19T03:30:49 | gen | gen_result(input('1X+10'(4)),status(ok),sentence(fourteen),lambda('1X+10'(4)),tree(tree([([four,teen],[c2],'1X+10'(4))],move1,empty,tree([([teen],[+tee,c2],[_1610,_1642]>>(_1642='1X+10'(_1610))),([four],[-tee],4)],merge3,li([teen],[=c1,+tee,c2],[_1610,_1642]>>(_1642='1X+10'(_1610))),li([four],[c1,-tee],4)))))
2026-02-19T03:30:54 | gen | gen_result(input('1X+100Y'('1X+10Y'(6,4),5)),status(error(time_limit_exceeded)),sentence(''),lambda(none),tree(none))
2026-02-19T03:30:54 | gen | gen_result(input(bacon),status(ok_empty_sentence),sentence(''),lambda([bacon,_1628]>>(_1628=bacon)),tree(li([],[=c1,cfin],[bacon,_1628]>>(_1628=bacon))))
2026-02-19T03:30:54 | system | end_suite(numbers_gen)
2026-02-19T03:31:44 | test | hello
2026-02-19T03:35:49 | test | hello
2026-02-19T19:25:33 | system | start_suite(parser)
2026-02-19T19:25:33 | parser | parse_result(input([seven]),status(ok),tree([li([seven],[cfin])]))
2026-02-19T19:25:33 | parser | parse_result(input([twenty]),status(ok),tree([li([twenty],[cfin])]))
2026-02-19T19:25:33 | parser | parse_result(input([twenty_,one]),status(ok),tree([tree(_21190,li([twenty_],[=c1,cfin]),li([one],[c1]))]))
2026-02-19T19:25:33 | parser | parse_result(input([forty_,seven]),status(ok),tree([tree(_21842,li([forty_],[=c1,cfin]),li([seven],[c1]))]))
2026-02-19T19:25:33 | parser | parse_result(input([six,teen]),status(fail),tree(none))
2026-02-19T19:25:33 | parser | parse_result(input([fourty_,seven]),status(fail),tree(none))
2026-02-19T19:25:33 | parser | parse_result(input([bacon]),status(fail),tree(none))
2026-02-19T19:25:33 | parser | parse_result(input([two,hundred]),status(fail),tree(none))
2026-02-19T19:25:33 | system | end_suite(parser)
2026-02-19T19:31:24 | parser | parse_result(input([three,hundred]),status(fail),tree(none))
2026-02-19T19:31:33 | parser | parse_result(input([twenty_,four]),status(ok),tree([tree(_60070,li([twenty_],[=c1,cfin]),li([four],[c1]))]))
2026-02-19T19:31:47 | parser | parse_result(input([four,teen]),status(fail),tree(none))
