2026-06-13T13:54:07 | system | gen_run_start
2026-06-13T13:54:07 | configuration | gen_to_parse_generation_stage(profile_name(german_numbers_profile),generator_name('MG Generator'),generator_main_file('../../SemanticGenerator/MG-Generator/main.pl'),generator_lexicon_name('German_Generation'),generator_lexicon_file('../../SemanticGenerator/MG-Generator/grammars/German_Generation.pl'),semantic_cases_file('../cases/german/german_semantic_cases_balanced.pl'),generation_stage_output_file('../generated/gen_to_parse_gen_out.pl'),generation_tree_report_file('../generated/gen_to_parse_generation_trees.txt'),token_normalization_enabled(true),token_normalization_style(underscore),adapter_timeout_seconds(5))
2026-06-13T13:54:07 | gen_session | gen_to_parse_generation_case(case_id(1),semantic_input(1),generation_status(ok),generated_tokens([eins]),generated_sentence(eins))
2026-06-13T13:54:07 | gen_session | gen_to_parse_generation_case(case_id(2),semantic_input(2),generation_status(ok),generated_tokens([zwei]),generated_sentence(zwei))
2026-06-13T13:54:07 | gen_session | gen_to_parse_generation_case(case_id(3),semantic_input(3),generation_status(ok),generated_tokens([drei]),generated_sentence(drei))
2026-06-13T13:54:07 | gen_session | gen_to_parse_generation_case(case_id(4),semantic_input(4),generation_status(ok),generated_tokens([vier]),generated_sentence(vier))
2026-06-13T13:54:07 | gen_session | gen_to_parse_generation_case(case_id(5),semantic_input(5),generation_status(ok),generated_tokens([fünf]),generated_sentence(fünf))
2026-06-13T13:54:07 | gen_session | gen_to_parse_generation_case(case_id(6),semantic_input(6),generation_status(ok),generated_tokens([sechs]),generated_sentence(sechs))
2026-06-13T13:54:07 | gen_session | gen_to_parse_generation_case(case_id(7),semantic_input(7),generation_status(ok),generated_tokens([sieben]),generated_sentence(sieben))
2026-06-13T13:54:07 | gen_session | gen_to_parse_generation_case(case_id(8),semantic_input(8),generation_status(ok),generated_tokens([acht]),generated_sentence(acht))
2026-06-13T13:54:07 | gen_session | gen_to_parse_generation_case(case_id(9),semantic_input(9),generation_status(ok),generated_tokens([neun]),generated_sentence(neun))
2026-06-13T13:54:07 | gen_session | gen_to_parse_generation_case(case_id(10),semantic_input(10),generation_status(ok),generated_tokens([zehn]),generated_sentence(zehn))
2026-06-13T13:54:07 | gen_session | gen_to_parse_generation_case(case_id(11),semantic_input(11),generation_status(ok),generated_tokens([elf]),generated_sentence(elf))
2026-06-13T13:54:07 | gen_session | gen_to_parse_generation_case(case_id(12),semantic_input(12),generation_status(ok),generated_tokens([zwölf]),generated_sentence(zwölf))
2026-06-13T13:54:07 | gen_session | gen_to_parse_generation_case(case_id(13),semantic_input(13),generation_status(gen_empty_yield),generated_tokens([]),generated_sentence(''))
2026-06-13T13:54:07 | gen_session | gen_to_parse_generation_case(case_id(14),semantic_input(15),generation_status(gen_empty_yield),generated_tokens([]),generated_sentence(''))
2026-06-13T13:54:07 | gen_session | gen_to_parse_generation_case(case_id(15),semantic_input(20),generation_status(ok),generated_tokens([zwanzig]),generated_sentence(zwanzig))
2026-06-13T13:54:07 | gen_session | gen_to_parse_generation_case(case_id(16),semantic_input(30),generation_status(gen_empty_yield),generated_tokens([]),generated_sentence(''))
2026-06-13T13:54:07 | gen_session | gen_to_parse_generation_case(case_id(17),semantic_input(60),generation_status(ok),generated_tokens([sechzig]),generated_sentence(sechzig))
2026-06-13T13:54:07 | gen_session | gen_to_parse_generation_case(case_id(18),semantic_input(70),generation_status(ok),generated_tokens([siebzig]),generated_sentence(siebzig))
2026-06-13T13:54:07 | gen_session | gen_to_parse_generation_case(case_id(19),semantic_input('1X+20'(1)),generation_status(ok),generated_tokens([undzwanzig,eins]),generated_sentence(undzwanzigeins))
2026-06-13T13:54:07 | gen_session | gen_to_parse_generation_case(case_id(20),semantic_input('1X+20'(2)),generation_status(ok),generated_tokens([zwei,undzwanzig]),generated_sentence(zweiundzwanzig))
2026-06-13T13:54:07 | gen_session | gen_to_parse_generation_case(case_id(21),semantic_input('1X+20'(3)),generation_status(ok),generated_tokens([undzwanzig,drei]),generated_sentence(undzwanzigdrei))
2026-06-13T13:54:07 | gen_session | gen_to_parse_generation_case(case_id(22),semantic_input('1X+20'(4)),generation_status(ok),generated_tokens([undzwanzig,vier]),generated_sentence(undzwanzigvier))
2026-06-13T13:54:07 | gen_session | gen_to_parse_generation_case(case_id(23),semantic_input('1X+20'(5)),generation_status(ok),generated_tokens([undzwanzig,fünf]),generated_sentence(undzwanzigfünf))
2026-06-13T13:54:07 | gen_session | gen_to_parse_generation_case(case_id(24),semantic_input('1X+20'(6)),generation_status(ok),generated_tokens([sechs,undzwanzig]),generated_sentence(sechsundzwanzig))
2026-06-13T13:54:07 | gen_session | gen_to_parse_generation_case(case_id(25),semantic_input('1X+20'(7)),generation_status(ok),generated_tokens([sieben,undzwanzig]),generated_sentence(siebenundzwanzig))
2026-06-13T13:54:07 | gen_session | gen_to_parse_generation_case(case_id(26),semantic_input('1X+20'(8)),generation_status(ok),generated_tokens([undzwanzig,acht]),generated_sentence(undzwanzigacht))
2026-06-13T13:54:07 | gen_session | gen_to_parse_generation_case(case_id(27),semantic_input('1X+20'(9)),generation_status(ok),generated_tokens([undzwanzig,neun]),generated_sentence(undzwanzigneun))
2026-06-13T13:54:07 | gen_session | gen_to_parse_generation_case(case_id(28),semantic_input('1X+60'(1)),generation_status(ok),generated_tokens([undsechzig,eins]),generated_sentence(undsechzigeins))
2026-06-13T13:54:07 | gen_session | gen_to_parse_generation_case(case_id(29),semantic_input('1X+60'(2)),generation_status(ok),generated_tokens([zwei,undsechzig]),generated_sentence(zweiundsechzig))
2026-06-13T13:54:07 | gen_session | gen_to_parse_generation_case(case_id(30),semantic_input('1X+60'(4)),generation_status(ok),generated_tokens([undsechzig,vier]),generated_sentence(undsechzigvier))
2026-06-13T13:54:07 | gen_session | gen_to_parse_generation_case(case_id(31),semantic_input('1X+60'(6)),generation_status(ok),generated_tokens([sechs,undsechzig]),generated_sentence(sechsundsechzig))
2026-06-13T13:54:07 | gen_session | gen_to_parse_generation_case(case_id(32),semantic_input('1X+60'(7)),generation_status(ok),generated_tokens([sieben,undsechzig]),generated_sentence(siebenundsechzig))
2026-06-13T13:54:07 | gen_session | gen_to_parse_generation_case(case_id(33),semantic_input('1X+60'(8)),generation_status(ok),generated_tokens([undsechzig,acht]),generated_sentence(undsechzigacht))
2026-06-13T13:54:07 | gen_session | gen_to_parse_generation_case(case_id(34),semantic_input('1X+70'(1)),generation_status(ok),generated_tokens([undsiebzig,eins]),generated_sentence(undsiebzigeins))
2026-06-13T13:54:07 | gen_session | gen_to_parse_generation_case(case_id(35),semantic_input('1X+70'(2)),generation_status(ok),generated_tokens([zwei,undsiebzig]),generated_sentence(zweiundsiebzig))
2026-06-13T13:54:07 | gen_session | gen_to_parse_generation_case(case_id(36),semantic_input('1X+70'(4)),generation_status(ok),generated_tokens([undsiebzig,vier]),generated_sentence(undsiebzigvier))
2026-06-13T13:54:07 | gen_session | gen_to_parse_generation_case(case_id(37),semantic_input('1X+70'(6)),generation_status(ok),generated_tokens([sechs,undsiebzig]),generated_sentence(sechsundsiebzig))
2026-06-13T13:54:07 | gen_session | gen_to_parse_generation_case(case_id(38),semantic_input('1X+70'(7)),generation_status(ok),generated_tokens([sieben,undsiebzig]),generated_sentence(siebenundsiebzig))
2026-06-13T13:54:07 | gen_session | gen_to_parse_generation_case(case_id(39),semantic_input('1X+70'(8)),generation_status(ok),generated_tokens([undsiebzig,acht]),generated_sentence(undsiebzigacht))
2026-06-13T13:54:07 | gen_session | gen_to_parse_generation_case(case_id(40),semantic_input(100),generation_status(ok),generated_tokens([hundert]),generated_sentence(hundert))
2026-06-13T13:54:07 | gen_session | gen_to_parse_generation_case(case_id(41),semantic_input('100X'(2)),generation_status(ok),generated_tokens([zwei,hundert]),generated_sentence(zweihundert))
2026-06-13T13:54:07 | gen_session | gen_to_parse_generation_case(case_id(42),semantic_input('100X'(3)),generation_status(ok),generated_tokens([hundert,drei]),generated_sentence(hundertdrei))
2026-06-13T13:54:07 | gen_session | gen_to_parse_generation_case(case_id(43),semantic_input('100X'(5)),generation_status(ok),generated_tokens([hundert,fünf]),generated_sentence(hundertfünf))
2026-06-13T13:54:07 | gen_session | gen_to_parse_generation_case(case_id(44),semantic_input('1X+100'(20)),generation_status(ok),generated_tokens([hundert,zwanzig]),generated_sentence(hundertzwanzig))
2026-06-13T13:54:12 | gen_session | gen_to_parse_generation_case(case_id(45),semantic_input('1X+100'(30)),generation_status(generation_timeout),generated_tokens([]),generated_sentence(''))
2026-06-13T13:54:12 | gen_session | gen_to_parse_generation_case(case_id(46),semantic_input('1X+100'(60)),generation_status(ok),generated_tokens([hundert,sechzig]),generated_sentence(hundertsechzig))
2026-06-13T13:54:12 | gen_session | gen_to_parse_generation_case(case_id(47),semantic_input('1X+100'(70)),generation_status(ok),generated_tokens([hundert,siebzig]),generated_sentence(hundertsiebzig))
2026-06-13T13:54:12 | gen_session | gen_to_parse_generation_case(case_id(48),semantic_input('1X+40'(4)),generation_status(gen_empty_yield),generated_tokens([]),generated_sentence(''))
2026-06-13T13:54:12 | gen_session | gen_to_parse_generation_case(case_id(49),semantic_input('1X+50'(6)),generation_status(gen_empty_yield),generated_tokens([]),generated_sentence(''))
2026-06-13T13:54:12 | gen_session | gen_to_parse_generation_case(case_id(50),semantic_input('1X+80'(8)),generation_status(gen_empty_yield),generated_tokens([]),generated_sentence(''))
2026-06-13T13:54:12 | gen_session | gen_to_parse_generation_case(case_id(51),semantic_input('UNKNOWN_SEM'(4)),generation_status(gen_empty_yield),generated_tokens([]),generated_sentence(''))
2026-06-13T13:54:12 | system | gen_run_end
2026-06-13T13:54:12 | system | parse_run_start
2026-06-13T13:54:12 | configuration | gen_to_parse_parsing_stage(profile_name(german_numbers_profile),parser_name('MG LC Parser'),parser_load_file('../../MG-LC-Parser-with-Semantic-main/load.pl'),parser_semantics_source(parser_internal_pipeline),parser_wrapper_file('../adapters/parser_adapter.pl'),parser_lexicon_name('German_Parse'),parser_lexicon_file('../../MG-LC-Parser-with-Semantic-main/grammars/German_Parse.pl'),generation_stage_output_file('../generated/gen_to_parse_gen_out.pl'),parsing_stage_output_file('../generated/gen_to_parse_parse_out.pl'),parsing_tree_report_file('../generated/gen_to_parse_parsing_trees.txt'),token_normalization_enabled(true),token_normalization_style(underscore),adapter_timeout_seconds(5))
2026-06-13T13:54:12 | parse_session | gen_to_parse_parsing_case(case_id(1),semantic_input(1),generation_status(ok),generated_tokens([eins]),parser_input_tokens([eins]),parsing_status(ok),recovered_semantic_output(1))
2026-06-13T13:54:12 | parse_session | gen_to_parse_parsing_case(case_id(2),semantic_input(2),generation_status(ok),generated_tokens([zwei]),parser_input_tokens([zwei]),parsing_status(ok),recovered_semantic_output(2))
2026-06-13T13:54:12 | parse_session | gen_to_parse_parsing_case(case_id(3),semantic_input(3),generation_status(ok),generated_tokens([drei]),parser_input_tokens([drei]),parsing_status(ok),recovered_semantic_output(3))
2026-06-13T13:54:12 | parse_session | gen_to_parse_parsing_case(case_id(4),semantic_input(4),generation_status(ok),generated_tokens([vier]),parser_input_tokens([vier]),parsing_status(ok),recovered_semantic_output(4))
2026-06-13T13:54:12 | parse_session | gen_to_parse_parsing_case(case_id(5),semantic_input(5),generation_status(ok),generated_tokens([fünf]),parser_input_tokens([fünf]),parsing_status(ok),recovered_semantic_output(5))
2026-06-13T13:54:12 | parse_session | gen_to_parse_parsing_case(case_id(6),semantic_input(6),generation_status(ok),generated_tokens([sechs]),parser_input_tokens([sechs]),parsing_status(ok),recovered_semantic_output(6))
2026-06-13T13:54:12 | parse_session | gen_to_parse_parsing_case(case_id(7),semantic_input(7),generation_status(ok),generated_tokens([sieben]),parser_input_tokens([sieben]),parsing_status(ok),recovered_semantic_output(7))
2026-06-13T13:54:12 | parse_session | gen_to_parse_parsing_case(case_id(8),semantic_input(8),generation_status(ok),generated_tokens([acht]),parser_input_tokens([acht]),parsing_status(ok),recovered_semantic_output(8))
2026-06-13T13:54:12 | parse_session | gen_to_parse_parsing_case(case_id(9),semantic_input(9),generation_status(ok),generated_tokens([neun]),parser_input_tokens([neun]),parsing_status(ok),recovered_semantic_output(9))
2026-06-13T13:54:12 | parse_session | gen_to_parse_parsing_case(case_id(10),semantic_input(10),generation_status(ok),generated_tokens([zehn]),parser_input_tokens([zehn]),parsing_status(ok),recovered_semantic_output(10))
2026-06-13T13:54:12 | parse_session | gen_to_parse_parsing_case(case_id(11),semantic_input(11),generation_status(ok),generated_tokens([elf]),parser_input_tokens([elf]),parsing_status(ok),recovered_semantic_output(11))
2026-06-13T13:54:12 | parse_session | gen_to_parse_parsing_case(case_id(12),semantic_input(12),generation_status(ok),generated_tokens([zwölf]),parser_input_tokens([zwölf]),parsing_status(ok),recovered_semantic_output(12))
2026-06-13T13:54:12 | parse_session | gen_to_parse_parsing_case(case_id(13),semantic_input(13),generation_status(gen_empty_yield),generated_tokens([]),parser_input_tokens([]),parsing_status(parse_skipped_empty_tokens),recovered_semantic_output(none))
2026-06-13T13:54:12 | parse_session | gen_to_parse_parsing_case(case_id(14),semantic_input(15),generation_status(gen_empty_yield),generated_tokens([]),parser_input_tokens([]),parsing_status(parse_skipped_empty_tokens),recovered_semantic_output(none))
2026-06-13T13:54:12 | parse_session | gen_to_parse_parsing_case(case_id(15),semantic_input(20),generation_status(ok),generated_tokens([zwanzig]),parser_input_tokens([zwanzig]),parsing_status(ok),recovered_semantic_output(20))
2026-06-13T13:54:12 | parse_session | gen_to_parse_parsing_case(case_id(16),semantic_input(30),generation_status(gen_empty_yield),generated_tokens([]),parser_input_tokens([]),parsing_status(parse_skipped_empty_tokens),recovered_semantic_output(none))
2026-06-13T13:54:12 | parse_session | gen_to_parse_parsing_case(case_id(17),semantic_input(60),generation_status(ok),generated_tokens([sechzig]),parser_input_tokens([sechzig]),parsing_status(ok),recovered_semantic_output(60))
2026-06-13T13:54:12 | parse_session | gen_to_parse_parsing_case(case_id(18),semantic_input(70),generation_status(ok),generated_tokens([siebzig]),parser_input_tokens([siebzig]),parsing_status(ok),recovered_semantic_output(70))
2026-06-13T13:54:12 | parse_session | gen_to_parse_parsing_case(case_id(19),semantic_input('1X+20'(1)),generation_status(ok),generated_tokens([undzwanzig,eins]),parser_input_tokens([undzwanzig,eins]),parsing_status(parse_fail),recovered_semantic_output(none))
2026-06-13T13:54:12 | parse_session | gen_to_parse_parsing_case(case_id(20),semantic_input('1X+20'(2)),generation_status(ok),generated_tokens([zwei,undzwanzig]),parser_input_tokens([zwei,undzwanzig]),parsing_status(ok),recovered_semantic_output('1X+20'(2)))
2026-06-13T13:54:12 | parse_session | gen_to_parse_parsing_case(case_id(21),semantic_input('1X+20'(3)),generation_status(ok),generated_tokens([undzwanzig,drei]),parser_input_tokens([undzwanzig,drei]),parsing_status(parse_fail),recovered_semantic_output(none))
2026-06-13T13:54:12 | parse_session | gen_to_parse_parsing_case(case_id(22),semantic_input('1X+20'(4)),generation_status(ok),generated_tokens([undzwanzig,vier]),parser_input_tokens([undzwanzig,vier]),parsing_status(parse_fail),recovered_semantic_output(none))
2026-06-13T13:54:12 | parse_session | gen_to_parse_parsing_case(case_id(23),semantic_input('1X+20'(5)),generation_status(ok),generated_tokens([undzwanzig,fünf]),parser_input_tokens([undzwanzig,fünf]),parsing_status(parse_fail),recovered_semantic_output(none))
2026-06-13T13:54:12 | parse_session | gen_to_parse_parsing_case(case_id(24),semantic_input('1X+20'(6)),generation_status(ok),generated_tokens([sechs,undzwanzig]),parser_input_tokens([sechs,undzwanzig]),parsing_status(ok),recovered_semantic_output('1X+20'(6)))
2026-06-13T13:54:12 | parse_session | gen_to_parse_parsing_case(case_id(25),semantic_input('1X+20'(7)),generation_status(ok),generated_tokens([sieben,undzwanzig]),parser_input_tokens([sieben,undzwanzig]),parsing_status(ok),recovered_semantic_output('1X+20'(7)))
2026-06-13T13:54:12 | parse_session | gen_to_parse_parsing_case(case_id(26),semantic_input('1X+20'(8)),generation_status(ok),generated_tokens([undzwanzig,acht]),parser_input_tokens([undzwanzig,acht]),parsing_status(parse_fail),recovered_semantic_output(none))
2026-06-13T13:54:12 | parse_session | gen_to_parse_parsing_case(case_id(27),semantic_input('1X+20'(9)),generation_status(ok),generated_tokens([undzwanzig,neun]),parser_input_tokens([undzwanzig,neun]),parsing_status(parse_fail),recovered_semantic_output(none))
2026-06-13T13:54:12 | parse_session | gen_to_parse_parsing_case(case_id(28),semantic_input('1X+60'(1)),generation_status(ok),generated_tokens([undsechzig,eins]),parser_input_tokens([undsechzig,eins]),parsing_status(parse_fail),recovered_semantic_output(none))
2026-06-13T13:54:12 | parse_session | gen_to_parse_parsing_case(case_id(29),semantic_input('1X+60'(2)),generation_status(ok),generated_tokens([zwei,undsechzig]),parser_input_tokens([zwei,undsechzig]),parsing_status(ok),recovered_semantic_output(plus60(2)))
2026-06-13T13:54:12 | parse_session | gen_to_parse_parsing_case(case_id(30),semantic_input('1X+60'(4)),generation_status(ok),generated_tokens([undsechzig,vier]),parser_input_tokens([undsechzig,vier]),parsing_status(parse_fail),recovered_semantic_output(none))
2026-06-13T13:54:12 | parse_session | gen_to_parse_parsing_case(case_id(31),semantic_input('1X+60'(6)),generation_status(ok),generated_tokens([sechs,undsechzig]),parser_input_tokens([sechs,undsechzig]),parsing_status(ok),recovered_semantic_output(plus60(6)))
2026-06-13T13:54:12 | parse_session | gen_to_parse_parsing_case(case_id(32),semantic_input('1X+60'(7)),generation_status(ok),generated_tokens([sieben,undsechzig]),parser_input_tokens([sieben,undsechzig]),parsing_status(ok),recovered_semantic_output(plus60(7)))
2026-06-13T13:54:12 | parse_session | gen_to_parse_parsing_case(case_id(33),semantic_input('1X+60'(8)),generation_status(ok),generated_tokens([undsechzig,acht]),parser_input_tokens([undsechzig,acht]),parsing_status(parse_fail),recovered_semantic_output(none))
2026-06-13T13:54:12 | parse_session | gen_to_parse_parsing_case(case_id(34),semantic_input('1X+70'(1)),generation_status(ok),generated_tokens([undsiebzig,eins]),parser_input_tokens([undsiebzig,eins]),parsing_status(parse_fail),recovered_semantic_output(none))
2026-06-13T13:54:12 | parse_session | gen_to_parse_parsing_case(case_id(35),semantic_input('1X+70'(2)),generation_status(ok),generated_tokens([zwei,undsiebzig]),parser_input_tokens([zwei,undsiebzig]),parsing_status(ok),recovered_semantic_output(plus70(2)))
2026-06-13T13:54:12 | parse_session | gen_to_parse_parsing_case(case_id(36),semantic_input('1X+70'(4)),generation_status(ok),generated_tokens([undsiebzig,vier]),parser_input_tokens([undsiebzig,vier]),parsing_status(parse_fail),recovered_semantic_output(none))
2026-06-13T13:54:12 | parse_session | gen_to_parse_parsing_case(case_id(37),semantic_input('1X+70'(6)),generation_status(ok),generated_tokens([sechs,undsiebzig]),parser_input_tokens([sechs,undsiebzig]),parsing_status(ok),recovered_semantic_output(plus70(6)))
2026-06-13T13:54:12 | parse_session | gen_to_parse_parsing_case(case_id(38),semantic_input('1X+70'(7)),generation_status(ok),generated_tokens([sieben,undsiebzig]),parser_input_tokens([sieben,undsiebzig]),parsing_status(ok),recovered_semantic_output(plus70(7)))
2026-06-13T13:54:12 | parse_session | gen_to_parse_parsing_case(case_id(39),semantic_input('1X+70'(8)),generation_status(ok),generated_tokens([undsiebzig,acht]),parser_input_tokens([undsiebzig,acht]),parsing_status(parse_fail),recovered_semantic_output(none))
2026-06-13T13:54:12 | parse_session | gen_to_parse_parsing_case(case_id(40),semantic_input(100),generation_status(ok),generated_tokens([hundert]),parser_input_tokens([hundert]),parsing_status(ok),recovered_semantic_output(100))
2026-06-13T13:54:12 | parse_session | gen_to_parse_parsing_case(case_id(41),semantic_input('100X'(2)),generation_status(ok),generated_tokens([zwei,hundert]),parser_input_tokens([zwei,hundert]),parsing_status(ok),recovered_semantic_output('100X'(2)))
2026-06-13T13:54:12 | parse_session | gen_to_parse_parsing_case(case_id(42),semantic_input('100X'(3)),generation_status(ok),generated_tokens([hundert,drei]),parser_input_tokens([hundert,drei]),parsing_status(ok),recovered_semantic_output('1X+100'(3)))
2026-06-13T13:54:12 | parse_session | gen_to_parse_parsing_case(case_id(43),semantic_input('100X'(5)),generation_status(ok),generated_tokens([hundert,fünf]),parser_input_tokens([hundert,fünf]),parsing_status(ok),recovered_semantic_output('1X+100'(5)))
2026-06-13T13:54:12 | parse_session | gen_to_parse_parsing_case(case_id(44),semantic_input('1X+100'(20)),generation_status(ok),generated_tokens([hundert,zwanzig]),parser_input_tokens([hundert,zwanzig]),parsing_status(ok),recovered_semantic_output('1X+100'(20)))
2026-06-13T13:54:12 | parse_session | gen_to_parse_parsing_case(case_id(45),semantic_input('1X+100'(30)),generation_status(generation_timeout),generated_tokens([]),parser_input_tokens([]),parsing_status(parse_skipped_empty_tokens),recovered_semantic_output(none))
2026-06-13T13:54:12 | parse_session | gen_to_parse_parsing_case(case_id(46),semantic_input('1X+100'(60)),generation_status(ok),generated_tokens([hundert,sechzig]),parser_input_tokens([hundert,sechzig]),parsing_status(ok),recovered_semantic_output('1X+100'(60)))
2026-06-13T13:54:12 | parse_session | gen_to_parse_parsing_case(case_id(47),semantic_input('1X+100'(70)),generation_status(ok),generated_tokens([hundert,siebzig]),parser_input_tokens([hundert,siebzig]),parsing_status(ok),recovered_semantic_output('1X+100'(70)))
2026-06-13T13:54:12 | parse_session | gen_to_parse_parsing_case(case_id(48),semantic_input('1X+40'(4)),generation_status(gen_empty_yield),generated_tokens([]),parser_input_tokens([]),parsing_status(parse_skipped_empty_tokens),recovered_semantic_output(none))
2026-06-13T13:54:12 | parse_session | gen_to_parse_parsing_case(case_id(49),semantic_input('1X+50'(6)),generation_status(gen_empty_yield),generated_tokens([]),parser_input_tokens([]),parsing_status(parse_skipped_empty_tokens),recovered_semantic_output(none))
2026-06-13T13:54:12 | parse_session | gen_to_parse_parsing_case(case_id(50),semantic_input('1X+80'(8)),generation_status(gen_empty_yield),generated_tokens([]),parser_input_tokens([]),parsing_status(parse_skipped_empty_tokens),recovered_semantic_output(none))
2026-06-13T13:54:12 | parse_session | gen_to_parse_parsing_case(case_id(51),semantic_input('UNKNOWN_SEM'(4)),generation_status(gen_empty_yield),generated_tokens([]),parser_input_tokens([]),parsing_status(parse_skipped_empty_tokens),recovered_semantic_output(none))
2026-06-13T13:54:12 | system | parse_run_end
2026-06-13T13:54:12 | system | parse_to_gen_parse_run_start
2026-06-13T13:54:12 | configuration | parse_to_gen_parsing_stage(profile_name(german_numbers_profile),parser_name('MG LC Parser'),parser_load_file('../../MG-LC-Parser-with-Semantic-main/load.pl'),parser_semantics_source(parser_internal_pipeline),parser_wrapper_file('../adapters/parser_adapter.pl'),parser_lexicon_name('German_Parse'),parser_lexicon_file('../../MG-LC-Parser-with-Semantic-main/grammars/German_Parse.pl'),token_cases_file('../cases/german/german_token_cases_balanced.pl'),parsing_stage_output_file('../generated/parse_to_gen_parse_out.pl'),parsing_tree_report_file('../generated/parse_to_gen_parsing_trees.txt'),token_normalization_enabled(true),token_normalization_style(underscore),adapter_timeout_seconds(5))
2026-06-13T13:54:13 | parse_to_gen_parse_session | parse_to_gen_parsing_case(case_id(1),token_input([eins]),parsing_status(ok),recovered_semantic_output(1),parse_tree([li([eins],[cfin])]))
2026-06-13T13:54:13 | parse_to_gen_parse_session | parse_to_gen_parsing_case(case_id(2),token_input([zwei]),parsing_status(ok),recovered_semantic_output(2),parse_tree([li([zwei],[cfin])]))
2026-06-13T13:54:13 | parse_to_gen_parse_session | parse_to_gen_parsing_case(case_id(3),token_input([drei]),parsing_status(ok),recovered_semantic_output(3),parse_tree([li([drei],[cfin])]))
2026-06-13T13:54:13 | parse_to_gen_parse_session | parse_to_gen_parsing_case(case_id(4),token_input([vier]),parsing_status(ok),recovered_semantic_output(4),parse_tree([li([vier],[cfin])]))
2026-06-13T13:54:13 | parse_to_gen_parse_session | parse_to_gen_parsing_case(case_id(5),token_input([fuenf]),parsing_status(parse_fail),recovered_semantic_output(none),parse_tree(none))
2026-06-13T13:54:13 | parse_to_gen_parse_session | parse_to_gen_parsing_case(case_id(6),token_input([sechs]),parsing_status(ok),recovered_semantic_output(6),parse_tree([li([sechs],[cfin])]))
2026-06-13T13:54:13 | parse_to_gen_parse_session | parse_to_gen_parsing_case(case_id(7),token_input([sieben]),parsing_status(ok),recovered_semantic_output(7),parse_tree([li([sieben],[cfin])]))
2026-06-13T13:54:13 | parse_to_gen_parse_session | parse_to_gen_parsing_case(case_id(8),token_input([acht]),parsing_status(ok),recovered_semantic_output(8),parse_tree([li([acht],[cfin])]))
2026-06-13T13:54:13 | parse_to_gen_parse_session | parse_to_gen_parsing_case(case_id(9),token_input([neun]),parsing_status(ok),recovered_semantic_output(9),parse_tree([li([neun],[cfin])]))
2026-06-13T13:54:13 | parse_to_gen_parse_session | parse_to_gen_parsing_case(case_id(10),token_input([zehn]),parsing_status(ok),recovered_semantic_output(10),parse_tree([li([zehn],[cfin])]))
2026-06-13T13:54:13 | parse_to_gen_parse_session | parse_to_gen_parsing_case(case_id(11),token_input([elf]),parsing_status(ok),recovered_semantic_output(11),parse_tree([li([elf],[cfin])]))
2026-06-13T13:54:13 | parse_to_gen_parse_session | parse_to_gen_parsing_case(case_id(12),token_input([zwoelf]),parsing_status(parse_fail),recovered_semantic_output(none),parse_tree(none))
2026-06-13T13:54:13 | parse_to_gen_parse_session | parse_to_gen_parsing_case(case_id(13),token_input([dreizehn]),parsing_status(parse_fail),recovered_semantic_output(none),parse_tree(none))
2026-06-13T13:54:13 | parse_to_gen_parse_session | parse_to_gen_parsing_case(case_id(14),token_input([fuenfzehn]),parsing_status(parse_fail),recovered_semantic_output(none),parse_tree(none))
2026-06-13T13:54:13 | parse_to_gen_parse_session | parse_to_gen_parsing_case(case_id(15),token_input([zwanzig]),parsing_status(ok),recovered_semantic_output(20),parse_tree([li([zwanzig],[cfin])]))
2026-06-13T13:54:13 | parse_to_gen_parse_session | parse_to_gen_parsing_case(case_id(16),token_input([dreissig]),parsing_status(parse_fail),recovered_semantic_output(none),parse_tree(none))
2026-06-13T13:54:13 | parse_to_gen_parse_session | parse_to_gen_parsing_case(case_id(17),token_input([sechzig]),parsing_status(ok),recovered_semantic_output(60),parse_tree([li([sechzig],[cfin])]))
2026-06-13T13:54:13 | parse_to_gen_parse_session | parse_to_gen_parsing_case(case_id(18),token_input([siebzig]),parsing_status(ok),recovered_semantic_output(70),parse_tree([li([siebzig],[cfin])]))
2026-06-13T13:54:13 | parse_to_gen_parse_session | parse_to_gen_parsing_case(case_id(19),token_input([eins,undzwanzig]),parsing_status(parse_fail),recovered_semantic_output(none),parse_tree(none))
2026-06-13T13:54:13 | parse_to_gen_parse_session | parse_to_gen_parsing_case(case_id(20),token_input([zwei,undzwanzig]),parsing_status(ok),recovered_semantic_output('1X+20'(2)),parse_tree([tree(_76704,empty,tree(_76346,li([undzwanzig],[=c1,+b,cfin]),li([zwei],[c1,-b])))]))
2026-06-13T13:54:13 | parse_to_gen_parse_session | parse_to_gen_parsing_case(case_id(21),token_input([drei,undzwanzig]),parsing_status(ok),recovered_semantic_output('1X+20'(3)),parse_tree([tree(_78058,empty,tree(_77700,li([undzwanzig],[=c1,+b,cfin]),li([drei],[c1,-b])))]))
2026-06-13T13:54:13 | parse_to_gen_parse_session | parse_to_gen_parsing_case(case_id(22),token_input([vier,undzwanzig]),parsing_status(ok),recovered_semantic_output('1X+20'(4)),parse_tree([tree(_78058,empty,tree(_77700,li([undzwanzig],[=c1,+b,cfin]),li([vier],[c1,-b])))]))
2026-06-13T13:54:13 | parse_to_gen_parse_session | parse_to_gen_parsing_case(case_id(23),token_input([fuenf,undzwanzig]),parsing_status(parse_fail),recovered_semantic_output(none),parse_tree(none))
2026-06-13T13:54:13 | parse_to_gen_parse_session | parse_to_gen_parsing_case(case_id(24),token_input([sechs,undzwanzig]),parsing_status(ok),recovered_semantic_output('1X+20'(6)),parse_tree([tree(_78058,empty,tree(_77700,li([undzwanzig],[=c1,+b,cfin]),li([sechs],[c1,-b])))]))
2026-06-13T13:54:13 | parse_to_gen_parse_session | parse_to_gen_parsing_case(case_id(25),token_input([sieben,undzwanzig]),parsing_status(ok),recovered_semantic_output('1X+20'(7)),parse_tree([tree(_78058,empty,tree(_77700,li([undzwanzig],[=c1,+b,cfin]),li([sieben],[c1,-b])))]))
2026-06-13T13:54:13 | parse_to_gen_parse_session | parse_to_gen_parsing_case(case_id(26),token_input([acht,undzwanzig]),parsing_status(ok),recovered_semantic_output('1X+20'(8)),parse_tree([tree(_78058,empty,tree(_77700,li([undzwanzig],[=c1,+b,cfin]),li([acht],[c1,-b])))]))
2026-06-13T13:54:13 | parse_to_gen_parse_session | parse_to_gen_parsing_case(case_id(27),token_input([neun,undzwanzig]),parsing_status(ok),recovered_semantic_output('1X+20'(9)),parse_tree([tree(_78058,empty,tree(_77700,li([undzwanzig],[=c1,+b,cfin]),li([neun],[c1,-b])))]))
2026-06-13T13:54:13 | parse_to_gen_parse_session | parse_to_gen_parsing_case(case_id(28),token_input([eins,undsechzig]),parsing_status(parse_fail),recovered_semantic_output(none),parse_tree(none))
2026-06-13T13:54:13 | parse_to_gen_parse_session | parse_to_gen_parsing_case(case_id(29),token_input([zwei,undsechzig]),parsing_status(ok),recovered_semantic_output(plus60(2)),parse_tree([tree(_78058,empty,tree(_77700,li([undsechzig],[=c1,+b,cfin]),li([zwei],[c1,-b])))]))
2026-06-13T13:54:13 | parse_to_gen_parse_session | parse_to_gen_parsing_case(case_id(30),token_input([vier,undsechzig]),parsing_status(ok),recovered_semantic_output(plus60(4)),parse_tree([tree(_78058,empty,tree(_77700,li([undsechzig],[=c1,+b,cfin]),li([vier],[c1,-b])))]))
2026-06-13T13:54:13 | parse_to_gen_parse_session | parse_to_gen_parsing_case(case_id(31),token_input([sechs,undsechzig]),parsing_status(ok),recovered_semantic_output(plus60(6)),parse_tree([tree(_78058,empty,tree(_77700,li([undsechzig],[=c1,+b,cfin]),li([sechs],[c1,-b])))]))
2026-06-13T13:54:13 | parse_to_gen_parse_session | parse_to_gen_parsing_case(case_id(32),token_input([sieben,undsechzig]),parsing_status(ok),recovered_semantic_output(plus60(7)),parse_tree([tree(_78058,empty,tree(_77700,li([undsechzig],[=c1,+b,cfin]),li([sieben],[c1,-b])))]))
2026-06-13T13:54:13 | parse_to_gen_parse_session | parse_to_gen_parsing_case(case_id(33),token_input([acht,undsechzig]),parsing_status(ok),recovered_semantic_output(plus60(8)),parse_tree([tree(_78058,empty,tree(_77700,li([undsechzig],[=c1,+b,cfin]),li([acht],[c1,-b])))]))
2026-06-13T13:54:13 | parse_to_gen_parse_session | parse_to_gen_parsing_case(case_id(34),token_input([eins,undsiebzig]),parsing_status(parse_fail),recovered_semantic_output(none),parse_tree(none))
2026-06-13T13:54:13 | parse_to_gen_parse_session | parse_to_gen_parsing_case(case_id(35),token_input([zwei,undsiebzig]),parsing_status(ok),recovered_semantic_output(plus70(2)),parse_tree([tree(_78058,empty,tree(_77700,li([undsiebzig],[=c1,+b,cfin]),li([zwei],[c1,-b])))]))
2026-06-13T13:54:13 | parse_to_gen_parse_session | parse_to_gen_parsing_case(case_id(36),token_input([vier,undsiebzig]),parsing_status(ok),recovered_semantic_output(plus70(4)),parse_tree([tree(_78058,empty,tree(_77700,li([undsiebzig],[=c1,+b,cfin]),li([vier],[c1,-b])))]))
2026-06-13T13:54:13 | parse_to_gen_parse_session | parse_to_gen_parsing_case(case_id(37),token_input([sechs,undsiebzig]),parsing_status(ok),recovered_semantic_output(plus70(6)),parse_tree([tree(_78058,empty,tree(_77700,li([undsiebzig],[=c1,+b,cfin]),li([sechs],[c1,-b])))]))
2026-06-13T13:54:13 | parse_to_gen_parse_session | parse_to_gen_parsing_case(case_id(38),token_input([sieben,undsiebzig]),parsing_status(ok),recovered_semantic_output(plus70(7)),parse_tree([tree(_78058,empty,tree(_77700,li([undsiebzig],[=c1,+b,cfin]),li([sieben],[c1,-b])))]))
2026-06-13T13:54:13 | parse_to_gen_parse_session | parse_to_gen_parsing_case(case_id(39),token_input([acht,undsiebzig]),parsing_status(ok),recovered_semantic_output(plus70(8)),parse_tree([tree(_78058,empty,tree(_77700,li([undsiebzig],[=c1,+b,cfin]),li([acht],[c1,-b])))]))
2026-06-13T13:54:13 | parse_to_gen_parse_session | parse_to_gen_parsing_case(case_id(40),token_input([hundert]),parsing_status(ok),recovered_semantic_output(100),parse_tree([li([hundert],[cfin])]))
2026-06-13T13:54:13 | parse_to_gen_parse_session | parse_to_gen_parsing_case(case_id(41),token_input([zwei,hundert]),parsing_status(ok),recovered_semantic_output('100X'(2)),parse_tree([tree(_78058,empty,tree(_77700,li([hundert],[=c1,+b,cfin]),li([zwei],[c1,-b])))]))
2026-06-13T13:54:13 | parse_to_gen_parse_session | parse_to_gen_parsing_case(case_id(42),token_input([drei,hundert]),parsing_status(ok),recovered_semantic_output('100X'(3)),parse_tree([tree(_78058,empty,tree(_77700,li([hundert],[=c1,+b,cfin]),li([drei],[c1,-b])))]))
2026-06-13T13:54:13 | parse_to_gen_parse_session | parse_to_gen_parsing_case(case_id(43),token_input([fuenf,hundert]),parsing_status(parse_fail),recovered_semantic_output(none),parse_tree(none))
2026-06-13T13:54:13 | parse_to_gen_parse_session | parse_to_gen_parsing_case(case_id(44),token_input([hundert,zwanzig]),parsing_status(ok),recovered_semantic_output('1X+100'(20)),parse_tree([tree(_77632,li([hundert],[=c3e,cfin]),li([zwanzig],[c3e]))]))
2026-06-13T13:54:13 | parse_to_gen_parse_session | parse_to_gen_parsing_case(case_id(45),token_input([hundert,dreissig]),parsing_status(parse_fail),recovered_semantic_output(none),parse_tree(none))
2026-06-13T13:54:13 | parse_to_gen_parse_session | parse_to_gen_parsing_case(case_id(46),token_input([hundert,sechzig]),parsing_status(ok),recovered_semantic_output('1X+100'(60)),parse_tree([tree(_77632,li([hundert],[=c3e,cfin]),li([sechzig],[c3e]))]))
2026-06-13T13:54:13 | parse_to_gen_parse_session | parse_to_gen_parsing_case(case_id(47),token_input([hundert,siebzig]),parsing_status(ok),recovered_semantic_output('1X+100'(70)),parse_tree([tree(_77632,li([hundert],[=c3e,cfin]),li([siebzig],[c3e]))]))
2026-06-13T13:54:13 | parse_to_gen_parse_session | parse_to_gen_parsing_case(case_id(48),token_input([banana]),parsing_status(parse_fail),recovered_semantic_output(none),parse_tree(none))
2026-06-13T13:54:13 | parse_to_gen_parse_session | parse_to_gen_parsing_case(case_id(49),token_input([und,zwanzig]),parsing_status(parse_fail),recovered_semantic_output(none),parse_tree(none))
2026-06-13T13:54:13 | parse_to_gen_parse_session | parse_to_gen_parsing_case(case_id(50),token_input([zwanzig,und,zwei]),parsing_status(parse_fail),recovered_semantic_output(none),parse_tree(none))
2026-06-13T13:54:13 | parse_to_gen_parse_session | parse_to_gen_parsing_case(case_id(51),token_input([vier,und,vierzig]),parsing_status(parse_fail),recovered_semantic_output(none),parse_tree(none))
2026-06-13T13:54:13 | parse_to_gen_parse_session | parse_to_gen_parsing_case(case_id(52),token_input([sechs,und,fuenfzig]),parsing_status(parse_fail),recovered_semantic_output(none),parse_tree(none))
2026-06-13T13:54:13 | parse_to_gen_parse_session | parse_to_gen_parsing_case(case_id(53),token_input([acht,und,achtzig]),parsing_status(parse_fail),recovered_semantic_output(none),parse_tree(none))
2026-06-13T13:54:13 | system | parse_to_gen_parse_run_end
2026-06-13T13:54:13 | system | parse_to_gen_generate_run_start
2026-06-13T13:54:13 | configuration | parse_to_gen_generation_stage(profile_name(german_numbers_profile),generator_name('MG Generator'),generator_main_file('../../SemanticGenerator/MG-Generator/main.pl'),generator_lexicon_name('German_Generation'),generator_lexicon_file('../../SemanticGenerator/MG-Generator/grammars/German_Generation.pl'),parsing_stage_output_file('../generated/parse_to_gen_parse_out.pl'),generation_stage_output_file('../generated/parse_to_gen_gen_out.pl'),generation_tree_report_file('../generated/parse_to_gen_generation_trees.txt'),token_normalization_enabled(true),token_normalization_style(underscore),adapter_timeout_seconds(5))
2026-06-13T13:54:13 | parse_to_gen_generation_session | parse_to_gen_generation_case(case_id(1),token_input([eins]),parsing_status(ok),recovered_semantic_output(1),generation_status(ok),generated_tokens_before_normalization([eins]),comparison_tokens([eins]),generated_sentence(eins))
2026-06-13T13:54:13 | parse_to_gen_generation_session | parse_to_gen_generation_case(case_id(2),token_input([zwei]),parsing_status(ok),recovered_semantic_output(2),generation_status(ok),generated_tokens_before_normalization([zwei]),comparison_tokens([zwei]),generated_sentence(zwei))
2026-06-13T13:54:13 | parse_to_gen_generation_session | parse_to_gen_generation_case(case_id(3),token_input([drei]),parsing_status(ok),recovered_semantic_output(3),generation_status(ok),generated_tokens_before_normalization([drei]),comparison_tokens([drei]),generated_sentence(drei))
2026-06-13T13:54:13 | parse_to_gen_generation_session | parse_to_gen_generation_case(case_id(4),token_input([vier]),parsing_status(ok),recovered_semantic_output(4),generation_status(ok),generated_tokens_before_normalization([vier]),comparison_tokens([vier]),generated_sentence(vier))
2026-06-13T13:54:13 | parse_to_gen_generation_session | parse_to_gen_generation_case(case_id(5),token_input([fuenf]),parsing_status(parse_fail),recovered_semantic_output(none),generation_status(generation_not_attempted),generated_tokens_before_normalization([]),comparison_tokens([]),generated_sentence(''))
2026-06-13T13:54:13 | parse_to_gen_generation_session | parse_to_gen_generation_case(case_id(6),token_input([sechs]),parsing_status(ok),recovered_semantic_output(6),generation_status(ok),generated_tokens_before_normalization([sechs]),comparison_tokens([sechs]),generated_sentence(sechs))
2026-06-13T13:54:13 | parse_to_gen_generation_session | parse_to_gen_generation_case(case_id(7),token_input([sieben]),parsing_status(ok),recovered_semantic_output(7),generation_status(ok),generated_tokens_before_normalization([sieben]),comparison_tokens([sieben]),generated_sentence(sieben))
2026-06-13T13:54:13 | parse_to_gen_generation_session | parse_to_gen_generation_case(case_id(8),token_input([acht]),parsing_status(ok),recovered_semantic_output(8),generation_status(ok),generated_tokens_before_normalization([acht]),comparison_tokens([acht]),generated_sentence(acht))
2026-06-13T13:54:13 | parse_to_gen_generation_session | parse_to_gen_generation_case(case_id(9),token_input([neun]),parsing_status(ok),recovered_semantic_output(9),generation_status(ok),generated_tokens_before_normalization([neun]),comparison_tokens([neun]),generated_sentence(neun))
2026-06-13T13:54:13 | parse_to_gen_generation_session | parse_to_gen_generation_case(case_id(10),token_input([zehn]),parsing_status(ok),recovered_semantic_output(10),generation_status(ok),generated_tokens_before_normalization([zehn]),comparison_tokens([zehn]),generated_sentence(zehn))
2026-06-13T13:54:13 | parse_to_gen_generation_session | parse_to_gen_generation_case(case_id(11),token_input([elf]),parsing_status(ok),recovered_semantic_output(11),generation_status(ok),generated_tokens_before_normalization([elf]),comparison_tokens([elf]),generated_sentence(elf))
2026-06-13T13:54:13 | parse_to_gen_generation_session | parse_to_gen_generation_case(case_id(12),token_input([zwoelf]),parsing_status(parse_fail),recovered_semantic_output(none),generation_status(generation_not_attempted),generated_tokens_before_normalization([]),comparison_tokens([]),generated_sentence(''))
2026-06-13T13:54:13 | parse_to_gen_generation_session | parse_to_gen_generation_case(case_id(13),token_input([dreizehn]),parsing_status(parse_fail),recovered_semantic_output(none),generation_status(generation_not_attempted),generated_tokens_before_normalization([]),comparison_tokens([]),generated_sentence(''))
2026-06-13T13:54:13 | parse_to_gen_generation_session | parse_to_gen_generation_case(case_id(14),token_input([fuenfzehn]),parsing_status(parse_fail),recovered_semantic_output(none),generation_status(generation_not_attempted),generated_tokens_before_normalization([]),comparison_tokens([]),generated_sentence(''))
2026-06-13T13:54:13 | parse_to_gen_generation_session | parse_to_gen_generation_case(case_id(15),token_input([zwanzig]),parsing_status(ok),recovered_semantic_output(20),generation_status(ok),generated_tokens_before_normalization([zwanzig]),comparison_tokens([zwanzig]),generated_sentence(zwanzig))
2026-06-13T13:54:13 | parse_to_gen_generation_session | parse_to_gen_generation_case(case_id(16),token_input([dreissig]),parsing_status(parse_fail),recovered_semantic_output(none),generation_status(generation_not_attempted),generated_tokens_before_normalization([]),comparison_tokens([]),generated_sentence(''))
2026-06-13T13:54:13 | parse_to_gen_generation_session | parse_to_gen_generation_case(case_id(17),token_input([sechzig]),parsing_status(ok),recovered_semantic_output(60),generation_status(ok),generated_tokens_before_normalization([sechzig]),comparison_tokens([sechzig]),generated_sentence(sechzig))
2026-06-13T13:54:13 | parse_to_gen_generation_session | parse_to_gen_generation_case(case_id(18),token_input([siebzig]),parsing_status(ok),recovered_semantic_output(70),generation_status(ok),generated_tokens_before_normalization([siebzig]),comparison_tokens([siebzig]),generated_sentence(siebzig))
2026-06-13T13:54:13 | parse_to_gen_generation_session | parse_to_gen_generation_case(case_id(19),token_input([eins,undzwanzig]),parsing_status(parse_fail),recovered_semantic_output(none),generation_status(generation_not_attempted),generated_tokens_before_normalization([]),comparison_tokens([]),generated_sentence(''))
2026-06-13T13:54:13 | parse_to_gen_generation_session | parse_to_gen_generation_case(case_id(20),token_input([zwei,undzwanzig]),parsing_status(ok),recovered_semantic_output('1X+20'(2)),generation_status(ok),generated_tokens_before_normalization([zwei,undzwanzig]),comparison_tokens([zwei,undzwanzig]),generated_sentence(zweiundzwanzig))
2026-06-13T13:54:13 | parse_to_gen_generation_session | parse_to_gen_generation_case(case_id(21),token_input([drei,undzwanzig]),parsing_status(ok),recovered_semantic_output('1X+20'(3)),generation_status(ok),generated_tokens_before_normalization([undzwanzig,drei]),comparison_tokens([undzwanzig,drei]),generated_sentence(undzwanzigdrei))
2026-06-13T13:54:13 | parse_to_gen_generation_session | parse_to_gen_generation_case(case_id(22),token_input([vier,undzwanzig]),parsing_status(ok),recovered_semantic_output('1X+20'(4)),generation_status(ok),generated_tokens_before_normalization([undzwanzig,vier]),comparison_tokens([undzwanzig,vier]),generated_sentence(undzwanzigvier))
2026-06-13T13:54:13 | parse_to_gen_generation_session | parse_to_gen_generation_case(case_id(23),token_input([fuenf,undzwanzig]),parsing_status(parse_fail),recovered_semantic_output(none),generation_status(generation_not_attempted),generated_tokens_before_normalization([]),comparison_tokens([]),generated_sentence(''))
2026-06-13T13:54:13 | parse_to_gen_generation_session | parse_to_gen_generation_case(case_id(24),token_input([sechs,undzwanzig]),parsing_status(ok),recovered_semantic_output('1X+20'(6)),generation_status(ok),generated_tokens_before_normalization([sechs,undzwanzig]),comparison_tokens([sechs,undzwanzig]),generated_sentence(sechsundzwanzig))
2026-06-13T13:54:13 | parse_to_gen_generation_session | parse_to_gen_generation_case(case_id(25),token_input([sieben,undzwanzig]),parsing_status(ok),recovered_semantic_output('1X+20'(7)),generation_status(ok),generated_tokens_before_normalization([sieben,undzwanzig]),comparison_tokens([sieben,undzwanzig]),generated_sentence(siebenundzwanzig))
2026-06-13T13:54:13 | parse_to_gen_generation_session | parse_to_gen_generation_case(case_id(26),token_input([acht,undzwanzig]),parsing_status(ok),recovered_semantic_output('1X+20'(8)),generation_status(ok),generated_tokens_before_normalization([undzwanzig,acht]),comparison_tokens([undzwanzig,acht]),generated_sentence(undzwanzigacht))
2026-06-13T13:54:13 | parse_to_gen_generation_session | parse_to_gen_generation_case(case_id(27),token_input([neun,undzwanzig]),parsing_status(ok),recovered_semantic_output('1X+20'(9)),generation_status(ok),generated_tokens_before_normalization([undzwanzig,neun]),comparison_tokens([undzwanzig,neun]),generated_sentence(undzwanzigneun))
2026-06-13T13:54:13 | parse_to_gen_generation_session | parse_to_gen_generation_case(case_id(28),token_input([eins,undsechzig]),parsing_status(parse_fail),recovered_semantic_output(none),generation_status(generation_not_attempted),generated_tokens_before_normalization([]),comparison_tokens([]),generated_sentence(''))
2026-06-13T13:54:13 | parse_to_gen_generation_session | parse_to_gen_generation_case(case_id(29),token_input([zwei,undsechzig]),parsing_status(ok),recovered_semantic_output(plus60(2)),generation_status(gen_empty_yield),generated_tokens_before_normalization([]),comparison_tokens([]),generated_sentence(''))
2026-06-13T13:54:13 | parse_to_gen_generation_session | parse_to_gen_generation_case(case_id(30),token_input([vier,undsechzig]),parsing_status(ok),recovered_semantic_output(plus60(4)),generation_status(gen_empty_yield),generated_tokens_before_normalization([]),comparison_tokens([]),generated_sentence(''))
2026-06-13T13:54:13 | parse_to_gen_generation_session | parse_to_gen_generation_case(case_id(31),token_input([sechs,undsechzig]),parsing_status(ok),recovered_semantic_output(plus60(6)),generation_status(gen_empty_yield),generated_tokens_before_normalization([]),comparison_tokens([]),generated_sentence(''))
2026-06-13T13:54:13 | parse_to_gen_generation_session | parse_to_gen_generation_case(case_id(32),token_input([sieben,undsechzig]),parsing_status(ok),recovered_semantic_output(plus60(7)),generation_status(gen_empty_yield),generated_tokens_before_normalization([]),comparison_tokens([]),generated_sentence(''))
2026-06-13T13:54:13 | parse_to_gen_generation_session | parse_to_gen_generation_case(case_id(33),token_input([acht,undsechzig]),parsing_status(ok),recovered_semantic_output(plus60(8)),generation_status(gen_empty_yield),generated_tokens_before_normalization([]),comparison_tokens([]),generated_sentence(''))
2026-06-13T13:54:13 | parse_to_gen_generation_session | parse_to_gen_generation_case(case_id(34),token_input([eins,undsiebzig]),parsing_status(parse_fail),recovered_semantic_output(none),generation_status(generation_not_attempted),generated_tokens_before_normalization([]),comparison_tokens([]),generated_sentence(''))
2026-06-13T13:54:13 | parse_to_gen_generation_session | parse_to_gen_generation_case(case_id(35),token_input([zwei,undsiebzig]),parsing_status(ok),recovered_semantic_output(plus70(2)),generation_status(gen_empty_yield),generated_tokens_before_normalization([]),comparison_tokens([]),generated_sentence(''))
2026-06-13T13:54:13 | parse_to_gen_generation_session | parse_to_gen_generation_case(case_id(36),token_input([vier,undsiebzig]),parsing_status(ok),recovered_semantic_output(plus70(4)),generation_status(gen_empty_yield),generated_tokens_before_normalization([]),comparison_tokens([]),generated_sentence(''))
2026-06-13T13:54:13 | parse_to_gen_generation_session | parse_to_gen_generation_case(case_id(37),token_input([sechs,undsiebzig]),parsing_status(ok),recovered_semantic_output(plus70(6)),generation_status(gen_empty_yield),generated_tokens_before_normalization([]),comparison_tokens([]),generated_sentence(''))
2026-06-13T13:54:13 | parse_to_gen_generation_session | parse_to_gen_generation_case(case_id(38),token_input([sieben,undsiebzig]),parsing_status(ok),recovered_semantic_output(plus70(7)),generation_status(gen_empty_yield),generated_tokens_before_normalization([]),comparison_tokens([]),generated_sentence(''))
2026-06-13T13:54:13 | parse_to_gen_generation_session | parse_to_gen_generation_case(case_id(39),token_input([acht,undsiebzig]),parsing_status(ok),recovered_semantic_output(plus70(8)),generation_status(gen_empty_yield),generated_tokens_before_normalization([]),comparison_tokens([]),generated_sentence(''))
2026-06-13T13:54:13 | parse_to_gen_generation_session | parse_to_gen_generation_case(case_id(40),token_input([hundert]),parsing_status(ok),recovered_semantic_output(100),generation_status(ok),generated_tokens_before_normalization([hundert]),comparison_tokens([hundert]),generated_sentence(hundert))
2026-06-13T13:54:13 | parse_to_gen_generation_session | parse_to_gen_generation_case(case_id(41),token_input([zwei,hundert]),parsing_status(ok),recovered_semantic_output('100X'(2)),generation_status(ok),generated_tokens_before_normalization([zwei,hundert]),comparison_tokens([zwei,hundert]),generated_sentence(zweihundert))
2026-06-13T13:54:13 | parse_to_gen_generation_session | parse_to_gen_generation_case(case_id(42),token_input([drei,hundert]),parsing_status(ok),recovered_semantic_output('100X'(3)),generation_status(ok),generated_tokens_before_normalization([hundert,drei]),comparison_tokens([hundert,drei]),generated_sentence(hundertdrei))
2026-06-13T13:54:13 | parse_to_gen_generation_session | parse_to_gen_generation_case(case_id(43),token_input([fuenf,hundert]),parsing_status(parse_fail),recovered_semantic_output(none),generation_status(generation_not_attempted),generated_tokens_before_normalization([]),comparison_tokens([]),generated_sentence(''))
2026-06-13T13:54:13 | parse_to_gen_generation_session | parse_to_gen_generation_case(case_id(44),token_input([hundert,zwanzig]),parsing_status(ok),recovered_semantic_output('1X+100'(20)),generation_status(ok),generated_tokens_before_normalization([hundert,zwanzig]),comparison_tokens([hundert,zwanzig]),generated_sentence(hundertzwanzig))
2026-06-13T13:54:13 | parse_to_gen_generation_session | parse_to_gen_generation_case(case_id(45),token_input([hundert,dreissig]),parsing_status(parse_fail),recovered_semantic_output(none),generation_status(generation_not_attempted),generated_tokens_before_normalization([]),comparison_tokens([]),generated_sentence(''))
2026-06-13T13:54:13 | parse_to_gen_generation_session | parse_to_gen_generation_case(case_id(46),token_input([hundert,sechzig]),parsing_status(ok),recovered_semantic_output('1X+100'(60)),generation_status(ok),generated_tokens_before_normalization([hundert,sechzig]),comparison_tokens([hundert,sechzig]),generated_sentence(hundertsechzig))
2026-06-13T13:54:13 | parse_to_gen_generation_session | parse_to_gen_generation_case(case_id(47),token_input([hundert,siebzig]),parsing_status(ok),recovered_semantic_output('1X+100'(70)),generation_status(ok),generated_tokens_before_normalization([hundert,siebzig]),comparison_tokens([hundert,siebzig]),generated_sentence(hundertsiebzig))
2026-06-13T13:54:13 | parse_to_gen_generation_session | parse_to_gen_generation_case(case_id(48),token_input([banana]),parsing_status(parse_fail),recovered_semantic_output(none),generation_status(generation_not_attempted),generated_tokens_before_normalization([]),comparison_tokens([]),generated_sentence(''))
2026-06-13T13:54:13 | parse_to_gen_generation_session | parse_to_gen_generation_case(case_id(49),token_input([und,zwanzig]),parsing_status(parse_fail),recovered_semantic_output(none),generation_status(generation_not_attempted),generated_tokens_before_normalization([]),comparison_tokens([]),generated_sentence(''))
2026-06-13T13:54:13 | parse_to_gen_generation_session | parse_to_gen_generation_case(case_id(50),token_input([zwanzig,und,zwei]),parsing_status(parse_fail),recovered_semantic_output(none),generation_status(generation_not_attempted),generated_tokens_before_normalization([]),comparison_tokens([]),generated_sentence(''))
2026-06-13T13:54:13 | parse_to_gen_generation_session | parse_to_gen_generation_case(case_id(51),token_input([vier,und,vierzig]),parsing_status(parse_fail),recovered_semantic_output(none),generation_status(generation_not_attempted),generated_tokens_before_normalization([]),comparison_tokens([]),generated_sentence(''))
2026-06-13T13:54:13 | parse_to_gen_generation_session | parse_to_gen_generation_case(case_id(52),token_input([sechs,und,fuenfzig]),parsing_status(parse_fail),recovered_semantic_output(none),generation_status(generation_not_attempted),generated_tokens_before_normalization([]),comparison_tokens([]),generated_sentence(''))
2026-06-13T13:54:13 | parse_to_gen_generation_session | parse_to_gen_generation_case(case_id(53),token_input([acht,und,achtzig]),parsing_status(parse_fail),recovered_semantic_output(none),generation_status(generation_not_attempted),generated_tokens_before_normalization([]),comparison_tokens([]),generated_sentence(''))
2026-06-13T13:54:13 | system | parse_to_gen_generate_run_end
